******************************************************************************
                  TI ARM Linker PC v20.2.7                     
******************************************************************************
>> Linked Tue Oct  8 21:30:01 2024

OUTPUT FILE NAME:   <Lab2Part1_TivaC.out>
ENTRY POINT SYMBOL: "_c_int00_noinit_noargs"  address: 0000050d


MEMORY CONFIGURATION

         name            origin    length      used     unused   attr    fill
----------------------  --------  ---------  --------  --------  ----  --------
  FLASH                 00000000   00040000  000005ac  0003fa54  R  X
  SRAM                  20000000   00008000  00000200  00007e00  RW X


SEGMENT ALLOCATION MAP

run origin  load origin   length   init length attrs members
----------  ----------- ---------- ----------- ----- -------
00000000    00000000    000005ac   000005ac    r-x
  00000000    00000000    0000026c   0000026c    r-- .intvecs
  0000026c    0000026c    000002e0   000002e0    r-x .text
  0000054c    0000054c    00000060   00000060    r-- .const
20000000    20000000    00000200   00000000    rw-
  20000000    20000000    00000200   00000000    rw- .stack


SECTION ALLOCATION MAP

 output                                  attributes/
section   page    origin      length       input sections
--------  ----  ----------  ----------   ----------------
.intvecs   0    00000000    0000026c     
                  00000000    0000026c     tm4c123gh6pm_startup_ccs.obj (.intvecs)

.text      0    0000026c    000002e0     
                  0000026c    000001a0     main.obj (.text)
                  0000040c    00000088     PLL.obj (.text)
                  00000494    00000078     SysTick.obj (.text)
                  0000050c    0000002c     rtsv7M4_T_le_v4SPD16_eabi.lib : boot_cortex_m.c.obj (.text:_c_int00_noinit_noargs:_c_int00_noinit_noargs)
                  00000538    0000000c     tm4c123gh6pm_startup_ccs.obj (.text)
                  00000544    00000004     rtsv7M4_T_le_v4SPD16_eabi.lib : pre_init.c.obj (.text:_system_pre_init)
                  00000548    00000004                                   : exit.c.obj (.text:abort:abort)

.const     0    0000054c    00000060     
                  0000054c    00000060     main.obj (.const:FSM)

.cinit     0    00000000    00000000     UNINITIALIZED

.init_array 
*          0    00000000    00000000     UNINITIALIZED

.stack     0    20000000    00000200     UNINITIALIZED
                  20000000    00000004     rtsv7M4_T_le_v4SPD16_eabi.lib : boot_cortex_m.c.obj (.stack)
                  20000004    000001fc     --HOLE--

__llvm_prf_cnts 
*          0    20000000    00000000     UNINITIALIZED

MODULE SUMMARY

       Module                         code   ro data   rw data
       ------                         ----   -------   -------
    .\
       tm4c123gh6pm_startup_ccs.obj   12     620       0      
       main.obj                       416    96        0      
       PLL.obj                        136    0         0      
       SysTick.obj                    120    0         0      
    +--+------------------------------+------+---------+---------+
       Total:                         684    716       0      
                                                              
    D:\EGEC_450\ccs\tools\compiler\ti-cgt-arm_20.2.7.LTS\lib\rtsv7M4_T_le_v4SPD16_eabi.lib
       boot_cortex_m.c.obj            44     0         0      
       exit.c.obj                     4      0         0      
       pre_init.c.obj                 4      0         0      
    +--+------------------------------+------+---------+---------+
       Total:                         52     0         0      
                                                              
       Stack:                         0      0         512    
    +--+------------------------------+------+---------+---------+
       Grand Total:                   736    716       512    


GLOBAL SYMBOLS: SORTED ALPHABETICALLY BY Name 

address   name                   
-------   ----                   
00000549  C$$EXIT                
0000054c  FSM                    
0000026d  GPIOPortB_Init         
000002ab  GPIOPortE_Init         
00000325  LedOn                  
0000040d  PLL_Init               
00000539  ResetISR               
00000495  SysTick_Init           
000004b1  SysTick_Wait           
000004d7  SysTick_Wait10ms       
20000200  __STACK_END            
00000200  __STACK_SIZE           
20000200  __STACK_TOP            
ffffffff  __TI_pprof_out_hndl    
ffffffff  __TI_prof_data_size    
ffffffff  __TI_prof_data_start   
00000000  __TI_static_base__     
ffffffff  __binit__              
ffffffff  __c_args__             
UNDEFED   __mpu_init             
20000000  __stack                
20000000  __start___llvm_prf_cnts
20000000  __stop___llvm_prf_cnts 
0000050d  _c_int00_noinit_noargs 
00000545  _system_pre_init       
00000549  abort                  
ffffffff  binit                  
00000000  g_pfnVectors           
0000038f  main                   
00000307  rclk                   
000002e9  srclk                  


GLOBAL SYMBOLS: SORTED BY Symbol Address 

address   name                   
-------   ----                   
00000000  __TI_static_base__     
00000000  g_pfnVectors           
00000200  __STACK_SIZE           
0000026d  GPIOPortB_Init         
000002ab  GPIOPortE_Init         
000002e9  srclk                  
00000307  rclk                   
00000325  LedOn                  
0000038f  main                   
0000040d  PLL_Init               
00000495  SysTick_Init           
000004b1  SysTick_Wait           
000004d7  SysTick_Wait10ms       
0000050d  _c_int00_noinit_noargs 
00000539  ResetISR               
00000545  _system_pre_init       
00000549  C$$EXIT                
00000549  abort                  
0000054c  FSM                    
20000000  __stack                
20000000  __start___llvm_prf_cnts
20000000  __stop___llvm_prf_cnts 
20000200  __STACK_END            
20000200  __STACK_TOP            
ffffffff  __TI_pprof_out_hndl    
ffffffff  __TI_prof_data_size    
ffffffff  __TI_prof_data_start   
ffffffff  __binit__              
ffffffff  __c_args__             
ffffffff  binit                  
UNDEFED   __mpu_init             

[31 symbols]
