******************************************************************************
                  TI ARM Linker PC v20.2.7                     
******************************************************************************
>> Linked Thu Oct 24 12:12:58 2024

OUTPUT FILE NAME:   <Lab3Part1_TivaC.out>
ENTRY POINT SYMBOL: "_c_int00_noinit_noargs"  address: 00000651


MEMORY CONFIGURATION

         name            origin    length      used     unused   attr    fill
----------------------  --------  ---------  --------  --------  ----  --------
  FLASH                 00000000   00040000  0000069a  0003f966  R  X
  SRAM                  20000000   00008000  00000200  00007e00  RW X


SEGMENT ALLOCATION MAP

run origin  load origin   length   init length attrs members
----------  ----------- ---------- ----------- ----- -------
00000000    00000000    0000069a   0000069a    r-x
  00000000    00000000    0000026c   0000026c    r-- .intvecs
  0000026c    0000026c    00000424   00000424    r-x .text
  00000690    00000690    0000000a   0000000a    r-- .const
20000000    20000000    00000200   00000000    rw-
  20000000    20000000    00000200   00000000    rw- .stack


SECTION ALLOCATION MAP

 output                                  attributes/
section   page    origin      length       input sections
--------  ----  ----------  ----------   ----------------
.intvecs   0    00000000    0000026c     
                  00000000    0000026c     tm4c123gh6pm_startup_ccs.obj (.intvecs)

.text      0    0000026c    00000424     
                  0000026c    0000036c     main.obj (.text)
                  000005d8    00000078     SysTick.obj (.text)
                  00000650    0000002c     rtsv7M4_T_le_v4SPD16_eabi.lib : boot_cortex_m.c.obj (.text:_c_int00_noinit_noargs:_c_int00_noinit_noargs)
                  0000067c    0000000c     tm4c123gh6pm_startup_ccs.obj (.text)
                  00000688    00000004     rtsv7M4_T_le_v4SPD16_eabi.lib : pre_init.c.obj (.text:_system_pre_init)
                  0000068c    00000004                                   : exit.c.obj (.text:abort:abort)

.const     0    00000690    0000000a     
                  00000690    0000000a     main.obj (.const:.string:digitPattern$1)

.cinit     0    00000000    00000000     UNINITIALIZED

.init_array 
*          0    00000000    00000000     UNINITIALIZED

.stack     0    20000000    00000200     UNINITIALIZED
                  20000000    00000004     rtsv7M4_T_le_v4SPD16_eabi.lib : boot_cortex_m.c.obj (.stack)
                  20000004    000001fc     --HOLE--

__llvm_prf_cnts 
*          0    20000000    00000000     UNINITIALIZED

MODULE SUMMARY

       Module                         code   ro data   rw data
       ------                         ----   -------   -------
    .\
       main.obj                       876    10        0      
       tm4c123gh6pm_startup_ccs.obj   12     620       0      
       SysTick.obj                    120    0         0      
    +--+------------------------------+------+---------+---------+
       Total:                         1008   630       0      
                                                              
    D:\EGEC_450\ccs\tools\compiler\ti-cgt-arm_20.2.7.LTS\lib\rtsv7M4_T_le_v4SPD16_eabi.lib
       boot_cortex_m.c.obj            44     0         0      
       exit.c.obj                     4      0         0      
       pre_init.c.obj                 4      0         0      
    +--+------------------------------+------+---------+---------+
       Total:                         52     0         0      
                                                              
       Stack:                         0      0         512    
    +--+------------------------------+------+---------+---------+
       Grand Total:                   1060   630       512    


GLOBAL SYMBOLS: SORTED ALPHABETICALLY BY Name 

address   name                   
-------   ----                   
0000068d  C$$EXIT                
0000026d  GPIOPortB_Init         
000002ab  GPIOPortE_Init         
000002e9  GPIOPortF_Init         
000004bb  LedOn                  
0000067d  ResetISR               
0000040d  SSI2_write             
000005d9  SysTick_Init           
000005f5  SysTick_Wait           
0000061b  SysTick_Wait10ms       
00000525  WalkingLight           
20000200  __STACK_END            
00000200  __STACK_SIZE           
20000200  __STACK_TOP            
ffffffff  __TI_pprof_out_hndl    
ffffffff  __TI_prof_data_size    
ffffffff  __TI_prof_data_start   
00000000  __TI_static_base__     
ffffffff  __binit__              
ffffffff  __c_args__             
UNDEFED   __mpu_init             
20000000  __stack                
20000000  __start___llvm_prf_cnts
20000000  __stop___llvm_prf_cnts 
00000651  _c_int00_noinit_noargs 
00000689  _system_pre_init       
0000068d  abort                  
ffffffff  binit                  
0000043d  delayMs                
00000000  g_pfnVectors           
0000032d  main                   
0000049d  rclk                   
00000375  sevenseg_init          
0000047f  srclk                  


GLOBAL SYMBOLS: SORTED BY Symbol Address 

address   name                   
-------   ----                   
00000000  __TI_static_base__     
00000000  g_pfnVectors           
00000200  __STACK_SIZE           
0000026d  GPIOPortB_Init         
000002ab  GPIOPortE_Init         
000002e9  GPIOPortF_Init         
0000032d  main                   
00000375  sevenseg_init          
0000040d  SSI2_write             
0000043d  delayMs                
0000047f  srclk                  
0000049d  rclk                   
000004bb  LedOn                  
00000525  WalkingLight           
000005d9  SysTick_Init           
000005f5  SysTick_Wait           
0000061b  SysTick_Wait10ms       
00000651  _c_int00_noinit_noargs 
0000067d  ResetISR               
00000689  _system_pre_init       
0000068d  C$$EXIT                
0000068d  abort                  
20000000  __stack                
20000000  __start___llvm_prf_cnts
20000000  __stop___llvm_prf_cnts 
20000200  __STACK_END            
20000200  __STACK_TOP            
ffffffff  __TI_pprof_out_hndl    
ffffffff  __TI_prof_data_size    
ffffffff  __TI_prof_data_start   
ffffffff  __binit__              
ffffffff  __c_args__             
ffffffff  binit                  
UNDEFED   __mpu_init             

[34 symbols]
